[2:42:53 PM INF] Initializing assembly publicization
[2:42:53 PM INF] Referenced assemblies: 160
[2:42:53 PM INF] Publicize: LBoL.Base, virtual members: True, compiler-generated members: False
[2:42:53 PM INF] Publicize: LBoL.ConfigData, virtual members: True, compiler-generated members: False
[2:42:53 PM INF] Publicize: LBoL.Core, virtual members: True, compiler-generated members: False
[2:42:53 PM INF] Publicize: LBoL.EntityLib, virtual members: True, compiler-generated members: False
[2:42:53 PM INF] Publicize: LBoL.Presentation, virtual members: True, compiler-generated members: False
[2:42:53 PM INF] Publicize: Untitled.ConfigDataBuilder.Base, virtual members: True, compiler-generated members: False
[2:42:53 PM INF] DoNotPublicize: LBoL.Core:LBoL.Core.Stage.get_DefaultEventPriority
[2:42:53 PM INF] DoNotPublicize: LBoL.Core:LBoL.Core.Stage.LocalizeProperty
[2:42:53 PM INF] DoNotPublicize: LBoL.Core:LBoL.Core.Stage.LocalizeListProperty
[2:42:53 PM INF] DoNotPublicize: LBoL.Core:LBoL.Core.Stage.get_Name
[2:42:53 PM INF] DoNotPublicize: LBoL.Core:LBoL.Core.Stage.Initialize
[2:42:53 PM INF] DoNotPublicize: LBoL.Core:LBoL.Core.Stage.InitExtraFlags
[2:42:53 PM INF] DoNotPublicize: LBoL.Core:LBoL.Core.Stage.InitBoss
[2:42:53 PM INF] DoNotPublicize: LBoL.Core:LBoL.Core.Stage.CreateMap
[2:42:53 PM INF] DoNotPublicize: LBoL.Core:LBoL.Core.Stage.SetBoss
[2:42:53 PM INF] DoNotPublicize: LBoL.Core:LBoL.Core.Stage.GetAdventure
[2:42:53 PM INF] DoNotPublicize: LBoL.Core:LBoL.Core.Stage.GetShopNormalCards
[2:42:53 PM INF] DoNotPublicize: LBoL.Core:LBoL.Core.Stage.GetShopToolCards
[2:42:53 PM INF] DoNotPublicize: LBoL.Core:LBoL.Core.Stage.GetShopExhibit
[2:42:53 PM INF] DoNotPublicize: LBoL.Core:LBoL.Core.Stage.GetEliteEnemyExhibit
[2:42:53 PM INF] DoNotPublicize: LBoL.Core:LBoL.Core.Stage.GetSupplyExhibit
[2:42:53 PM INF] DoNotPublicize: LBoL.Core:LBoL.Core.Stage.GetNeutralShiningExhibit
[2:42:53 PM INF] DoNotPublicize: LBoL.Core:LBoL.Core.Stage.RollExhibitInAdventure
[2:42:53 PM INF] DoNotPublicize: LBoL.Core:LBoL.Core.Stage.GetBossExhibits
[2:42:53 PM INF] DoNotPublicize: LBoL.Core:LBoL.Core.Stage.GetDrinkTeaCardReward
[2:42:53 PM INF] DoNotPublicize: LBoL.Core:LBoL.Core.Stage.GetEnemyCardReward
[2:42:53 PM INF] DoNotPublicize: LBoL.Core:LBoL.Core.Stage.GetEliteEnemyCardReward
[2:42:53 PM INF] DoNotPublicize: LBoL.Core:LBoL.Core.Stage.GetBossCardReward
[2:42:53 PM INF] DoNotPublicize: LBoL.Core:LBoL.Core.Stage.GetEnemies
[2:42:53 PM INF] DoNotPublicize: LBoL.Core:LBoL.Core.Stage.GetEliteEnemies
[2:42:53 PM INF] DoNotPublicize: LBoL.Core:LBoL.Core.Stage.GetBoss
[2:42:53 PM INF] DoNotPublicize: LBoL.Core:LBoL.Core.GameEntity.get_DebugName
[2:42:53 PM INF] DoNotPublicize: LBoL.Core:LBoL.Core.GameEntity.LocalizeProperty
[2:42:53 PM INF] DoNotPublicize: LBoL.Core:LBoL.Core.GameEntity.GetBaseDescription
[2:42:53 PM INF] DoNotPublicize: LBoL.Core:LBoL.Core.GameEntity.get_Name
[2:42:53 PM INF] DoNotPublicize: LBoL.Core:LBoL.Core.GameEntity.get_PlayerName
[2:42:53 PM INF] DoNotPublicize: LBoL.Core:LBoL.Core.GameEntity.get_Description
[2:42:53 PM INF] DoNotPublicize: LBoL.Core:LBoL.Core.GameEntity.get_DefaultEventPriority
[2:42:53 PM INF] DoNotPublicize: LBoL.Core:LBoL.Core.GameEntity.React
[2:42:53 PM INF] DoNotPublicize: LBoL.Core:LBoL.Core.GameEntity.Initialize
[2:42:53 PM INF] DoNotPublicize: LBoL.Core:LBoL.Core.GameEntity.CreateFormatWrapper
[2:42:53 PM INF] DoNotPublicize: LBoL.Core:LBoL.Core.GameEntity.add_PropertyChanged
[2:42:53 PM INF] DoNotPublicize: LBoL.Core:LBoL.Core.GameEntity.remove_PropertyChanged
[2:42:53 PM INF] DoNotPublicize: LBoL.Core:LBoL.Core.GameEntity.NotifyChanged
[2:42:53 PM INF] DoNotPublicize: LBoL.Core:LBoL.Core.Cards.Card.get_OnDrawVisual
[2:42:53 PM INF] DoNotPublicize: LBoL.Core:LBoL.Core.Cards.Card.OnDraw
[2:42:53 PM INF] DoNotPublicize: LBoL.Core:LBoL.Core.Cards.Card.get_OnDiscardVisual
[2:42:53 PM INF] DoNotPublicize: LBoL.Core:LBoL.Core.Cards.Card.OnDiscard
[2:42:53 PM INF] DoNotPublicize: LBoL.Core:LBoL.Core.Cards.Card.get_OnExileVisual
[2:42:53 PM INF] DoNotPublicize: LBoL.Core:LBoL.Core.Cards.Card.OnExile
[2:42:53 PM INF] DoNotPublicize: LBoL.Core:LBoL.Core.Cards.Card.get_OnMoveVisual
[2:42:53 PM INF] DoNotPublicize: LBoL.Core:LBoL.Core.Cards.Card.OnMove
[2:42:53 PM INF] DoNotPublicize: LBoL.Core:LBoL.Core.Cards.Card.get_OnRetainVisual
[2:42:53 PM INF] DoNotPublicize: LBoL.Core:LBoL.Core.Cards.Card.OnRetain
[2:42:53 PM INF] DoNotPublicize: LBoL.Core:LBoL.Core.Cards.Card.OnRemove
[2:42:53 PM INF] DoNotPublicize: LBoL.Core:LBoL.Core.Cards.Card.OnLeaveHand
[2:42:53 PM INF] DoNotPublicize: LBoL.Core:LBoL.Core.Cards.Card.AfterUseAction
[2:42:53 PM INF] DoNotPublicize: LBoL.Core:LBoL.Core.Cards.Card.Upgrade
[2:42:53 PM INF] DoNotPublicize: LBoL.Core:LBoL.Core.Cards.Card.OnEnterBattle
[2:42:53 PM INF] DoNotPublicize: LBoL.Core:LBoL.Core.Cards.Card.OnLeaveBattle
[2:42:53 PM INF] DoNotPublicize: LBoL.Core:LBoL.Core.Cards.Card.React
[2:42:53 PM INF] DoNotPublicize: LBoL.Core:LBoL.Core.Cards.Card.Precondition
[2:42:53 PM INF] DoNotPublicize: LBoL.Core:LBoL.Core.Cards.Card.Actions
[2:42:53 PM INF] DoNotPublicize: LBoL.Core:LBoL.Core.Cards.Card.SetGuns
[2:42:53 PM INF] DoNotPublicize: LBoL.Core:LBoL.Core.Cards.Card.get_Damage
[2:42:53 PM INF] DoNotPublicize: LBoL.Core:LBoL.Core.Cards.Card.get_AdditionalDamage
[2:42:53 PM INF] DoNotPublicize: LBoL.Core:LBoL.Core.Cards.Card.get_RawBlock
[2:42:53 PM INF] DoNotPublicize: LBoL.Core:LBoL.Core.Cards.Card.get_AdditionalBlock
[2:42:53 PM INF] DoNotPublicize: LBoL.Core:LBoL.Core.Cards.Card.get_AdditionalShield
[2:42:53 PM INF] DoNotPublicize: LBoL.Core:LBoL.Core.Cards.Card.get_AdditionalValue1
[2:42:53 PM INF] DoNotPublicize: LBoL.Core:LBoL.Core.Cards.Card.get_AdditionalValue2
[2:42:53 PM INF] DoNotPublicize: LBoL.Core:LBoL.Core.Cards.Card.get_DefaultEventPriority
[2:42:53 PM INF] DoNotPublicize: LBoL.Core:LBoL.Core.Cards.Card.LocalizeProperty
[2:42:53 PM INF] DoNotPublicize: LBoL.Core:LBoL.Core.Cards.Card.LocalizeListProperty
[2:42:53 PM INF] DoNotPublicize: LBoL.Core:LBoL.Core.Cards.Card.GetBaseDescription
[2:42:53 PM INF] DoNotPublicize: LBoL.Core:LBoL.Core.Cards.Card.GetXCostFromPooled
[2:42:53 PM INF] DoNotPublicize: LBoL.Core:LBoL.Core.Cards.Card.get_AdditionalCost
[2:42:53 PM INF] DoNotPublicize: LBoL.Core:LBoL.Core.Cards.Card.get_Triggered
[2:42:53 PM INF] DoNotPublicize: LBoL.Core:LBoL.Core.Cards.Card.get_CanUpgrade
[2:42:53 PM INF] DoNotPublicize: LBoL.Core:LBoL.Core.Cards.Card.get_IsUpgraded
[2:42:53 PM INF] DoNotPublicize: LBoL.Core:LBoL.Core.Cards.Card.get_UpgradeReplaceImage
[2:42:53 PM INF] DoNotPublicize: LBoL.Core:LBoL.Core.Cards.Card.get_CanUse
[2:42:53 PM INF] DoNotPublicize: LBoL.Core:LBoL.Core.Cards.Card.get_Description
[2:42:53 PM INF] DoNotPublicize: LBoL.Core:LBoL.Core.Cards.Card.Initialize
[2:42:53 PM INF] DoNotPublicize: LBoL.Core:LBoL.Core.Cards.Card.CreateFormatWrapper
[2:42:53 PM INF] DoNotPublicize: LBoL.Core:LBoL.Core.Cards.Card.Verify
[2:42:53 PM INF] DoNotPublicize: LBoL.Core:LBoL.Core.Cards.Card.NotifyActivating
[2:42:53 PM INF] DoNotPublicize: LBoL.Core:LBoL.Core.Cards.Card.ShouldPreventOtherCardUsage
[2:42:53 PM INF] DoNotPublicize: LBoL.Core:LBoL.Core.Cards.Card.get_PreventCardUsageMessage
[2:42:53 PM INF] DoNotPublicize: LBoL.Core:LBoL.Core.Units.UltimateSkill.LocalizeProperty
[2:42:53 PM INF] DoNotPublicize: LBoL.Core:LBoL.Core.Units.UltimateSkill.LocalizeListProperty
[2:42:53 PM INF] DoNotPublicize: LBoL.Core:LBoL.Core.Units.UltimateSkill.get_DefaultEventPriority
[2:42:53 PM INF] DoNotPublicize: LBoL.Core:LBoL.Core.Units.UltimateSkill.get_DebugName
[2:42:53 PM INF] DoNotPublicize: LBoL.Core:LBoL.Core.Units.UltimateSkill.get_Name
[2:42:53 PM INF] DoNotPublicize: LBoL.Core:LBoL.Core.Units.UltimateSkill.get_Damage
[2:42:53 PM INF] DoNotPublicize: LBoL.Core:LBoL.Core.Units.UltimateSkill.Initialize
[2:42:53 PM INF] DoNotPublicize: LBoL.Core:LBoL.Core.Units.UltimateSkill.CreateFormatWrapper
[2:42:53 PM INF] DoNotPublicize: LBoL.Core:LBoL.Core.Units.UltimateSkill.Actions
[2:42:53 PM INF] DoNotPublicize: LBoL.Core:LBoL.Core.Exhibit.LocalizeProperty
[2:42:53 PM INF] DoNotPublicize: LBoL.Core:LBoL.Core.Exhibit.LocalizeListProperty
[2:42:53 PM INF] DoNotPublicize: LBoL.Core:LBoL.Core.Exhibit.GetBaseDescription
[2:42:53 PM INF] DoNotPublicize: LBoL.Core:LBoL.Core.Exhibit.get_Description
[2:42:53 PM INF] DoNotPublicize: LBoL.Core:LBoL.Core.Exhibit.get_IconName
[2:42:53 PM INF] DoNotPublicize: LBoL.Core:LBoL.Core.Exhibit.get_OverrideIconName
[2:42:53 PM INF] DoNotPublicize: LBoL.Core:LBoL.Core.Exhibit.get_DefaultEventPriority
[2:42:53 PM INF] DoNotPublicize: LBoL.Core:LBoL.Core.Exhibit.Initialize
[2:42:53 PM INF] DoNotPublicize: LBoL.Core:LBoL.Core.Exhibit.get_ShowCounter
[2:42:53 PM INF] DoNotPublicize: LBoL.Core:LBoL.Core.Exhibit.OnAdding
[2:42:53 PM INF] DoNotPublicize: LBoL.Core:LBoL.Core.Exhibit.OnAdded
[2:42:53 PM INF] DoNotPublicize: LBoL.Core:LBoL.Core.Exhibit.OnRemoving
[2:42:53 PM INF] DoNotPublicize: LBoL.Core:LBoL.Core.Exhibit.OnRemoved
[2:42:53 PM INF] DoNotPublicize: LBoL.Core:LBoL.Core.Exhibit.SpecialGain
[2:42:53 PM INF] DoNotPublicize: LBoL.Core:LBoL.Core.Exhibit.OnGain
[2:42:53 PM INF] DoNotPublicize: LBoL.Core:LBoL.Core.Exhibit.OnLose
[2:42:53 PM INF] DoNotPublicize: LBoL.Core:LBoL.Core.Exhibit.OnEnterBattle
[2:42:53 PM INF] DoNotPublicize: LBoL.Core:LBoL.Core.Exhibit.OnLeaveBattle
[2:42:53 PM INF] DoNotPublicize: LBoL.Core:LBoL.Core.Exhibit.NotifyActivating
[2:42:53 PM INF] DoNotPublicize: LBoL.Core:LBoL.Core.Exhibit.React
[2:42:53 PM INF] DoNotPublicize: LBoL.Core:LBoL.Core.Exhibit.EnumerateDisplayWords
[2:42:53 PM INF] DoNotPublicize: LBoL.Core:LBoL.Core.Exhibit.EnumerateRelativeCards
[2:42:53 PM INF] DoNotPublicize: LBoL.Core:LBoL.Core.Units.PlayerUnit.LocalizeProperty
[2:42:53 PM INF] DoNotPublicize: LBoL.Core:LBoL.Core.Units.PlayerUnit.GetName
[2:42:53 PM INF] DoNotPublicize: LBoL.Core:LBoL.Core.Units.PlayerUnit.Initialize
[2:42:53 PM INF] DoNotPublicize: LBoL.Core:LBoL.Core.Units.PlayerUnit.get_DefaultEventPriority
[2:42:53 PM INF] DoNotPublicize: LBoL.Core:LBoL.Core.Units.PlayerUnit.SetView
[2:42:53 PM INF] DoNotPublicize: LBoL.Core:LBoL.Core.Units.Unit.Initialize
[2:42:53 PM INF] DoNotPublicize: LBoL.Core:LBoL.Core.Units.Unit.GetName
[2:42:53 PM INF] DoNotPublicize: LBoL.Core:LBoL.Core.Units.Unit.get_Name
[2:42:53 PM INF] DoNotPublicize: LBoL.Core:LBoL.Core.Units.Unit.EnterGameRun
[2:42:53 PM INF] DoNotPublicize: LBoL.Core:LBoL.Core.Units.Unit.OnEnterGameRun
[2:42:53 PM INF] DoNotPublicize: LBoL.Core:LBoL.Core.Units.Unit.OnLeaveGameRun
[2:42:53 PM INF] DoNotPublicize: LBoL.Core:LBoL.Core.Units.Unit.OnEnterBattle
[2:42:53 PM INF] DoNotPublicize: LBoL.Core:LBoL.Core.Units.Unit.OnLeaveBattle
[2:42:53 PM INF] DoNotPublicize: LBoL.Core:LBoL.Core.Units.Unit.React
[2:42:53 PM INF] DoNotPublicize: LBoL.Core:LBoL.Core.Units.Unit.Die
[2:42:53 PM INF] DoNotPublicize: LBoL.Core:LBoL.Core.Units.Unit.OnDie
[2:42:53 PM INF] DoNotPublicize: LBoL.Core:LBoL.Core.Units.Unit.SetView
[2:42:53 PM INF] DoNotPublicize: LBoL.Core:LBoL.Core.Units.Unit.GetView
[2:42:53 PM INF] DoNotPublicize: LBoL.Core:LBoL.Core.Units.EnemyUnit.LocalizeProperty
[2:42:53 PM INF] DoNotPublicize: LBoL.Core:LBoL.Core.Units.EnemyUnit.LocalizeListProperty
[2:42:53 PM INF] DoNotPublicize: LBoL.Core:LBoL.Core.Units.EnemyUnit.GetName
[2:42:53 PM INF] DoNotPublicize: LBoL.Core:LBoL.Core.Units.EnemyUnit.get_DefaultEventPriority
[2:42:53 PM INF] DoNotPublicize: LBoL.Core:LBoL.Core.Units.EnemyUnit.get_MovePriority
[2:42:53 PM INF] DoNotPublicize: LBoL.Core:LBoL.Core.Units.EnemyUnit.Initialize
[2:42:53 PM INF] DoNotPublicize: LBoL.Core:LBoL.Core.Units.EnemyUnit.EnterGameRun
[2:42:53 PM INF] DoNotPublicize: LBoL.Core:LBoL.Core.Units.EnemyUnit.OnSpawn
[2:42:53 PM INF] DoNotPublicize: LBoL.Core:LBoL.Core.Units.EnemyUnit.Die
[2:42:53 PM INF] DoNotPublicize: LBoL.Core:LBoL.Core.Units.EnemyUnit.Actions
[2:42:53 PM INF] DoNotPublicize: LBoL.Core:LBoL.Core.Units.EnemyUnit.GetTurnMoves
[2:42:53 PM INF] DoNotPublicize: LBoL.Core:LBoL.Core.Units.EnemyUnit.UpdateMoveCounters
[2:42:53 PM INF] DoNotPublicize: LBoL.Core:LBoL.Core.Units.EnemyUnit.AttackActions
[2:42:53 PM INF] DoNotPublicize: LBoL.Core:LBoL.Core.Units.EnemyUnit.GetIntentions
[2:42:53 PM INF] DoNotPublicize: LBoL.Core:LBoL.Core.Units.EnemyUnit.SetView
[2:42:53 PM INF] DoNotPublicize: LBoL.Core:LBoL.Core.StatusEffects.StatusEffect.LocalizeProperty
[2:42:53 PM INF] DoNotPublicize: LBoL.Core:LBoL.Core.StatusEffects.StatusEffect.LocalizeListProperty
[2:42:53 PM INF] DoNotPublicize: LBoL.Core:LBoL.Core.StatusEffects.StatusEffect.get_Name
[2:42:53 PM INF] DoNotPublicize: LBoL.Core:LBoL.Core.StatusEffects.StatusEffect.LBoL.Core.IDisplayWord.get_Description
[2:42:53 PM INF] DoNotPublicize: LBoL.Core:LBoL.Core.StatusEffects.StatusEffect.LBoL.Core.IDisplayWord.get_IsVerbose
[2:42:53 PM INF] DoNotPublicize: LBoL.Core:LBoL.Core.StatusEffects.StatusEffect.get_IconName
[2:42:53 PM INF] DoNotPublicize: LBoL.Core:LBoL.Core.StatusEffects.StatusEffect.get_OverrideIconName
[2:42:53 PM INF] DoNotPublicize: LBoL.Core:LBoL.Core.StatusEffects.StatusEffect.get_DefaultEventPriority
[2:42:53 PM INF] DoNotPublicize: LBoL.Core:LBoL.Core.StatusEffects.StatusEffect.get_ForceNotShowNumber
[2:42:53 PM INF] DoNotPublicize: LBoL.Core:LBoL.Core.StatusEffects.StatusEffect.Stack
[2:42:53 PM INF] DoNotPublicize: LBoL.Core:LBoL.Core.StatusEffects.StatusEffect.Initialize
[2:42:53 PM INF] DoNotPublicize: LBoL.Core:LBoL.Core.StatusEffects.StatusEffect.CreateFormatWrapper
[2:42:53 PM INF] DoNotPublicize: LBoL.Core:LBoL.Core.StatusEffects.StatusEffect.OnAdding
[2:42:53 PM INF] DoNotPublicize: LBoL.Core:LBoL.Core.StatusEffects.StatusEffect.OnAdded
[2:42:53 PM INF] DoNotPublicize: LBoL.Core:LBoL.Core.StatusEffects.StatusEffect.OnRemoving
[2:42:53 PM INF] DoNotPublicize: LBoL.Core:LBoL.Core.StatusEffects.StatusEffect.OnRemoved
[2:42:53 PM INF] DoNotPublicize: LBoL.Core:LBoL.Core.StatusEffects.StatusEffect.NotifyActivating
[2:42:53 PM INF] DoNotPublicize: LBoL.Core:LBoL.Core.StatusEffects.StatusEffect.NotifyChanged
[2:42:53 PM INF] DoNotPublicize: LBoL.Core:LBoL.Core.StatusEffects.StatusEffect.React
[2:42:53 PM INF] DoNotPublicize: LBoL.Core:LBoL.Core.StatusEffects.StatusEffect.StackAction
[2:42:53 PM INF] DoNotPublicize: LBoL.Core:LBoL.Core.StatusEffects.StatusEffect.ShouldPreventCardUsage
[2:42:53 PM INF] DoNotPublicize: LBoL.Core:LBoL.Core.StatusEffects.StatusEffect.get_PreventCardUsageMessage
[2:42:53 PM INF] DoNotPublicize: LBoL.Core:LBoL.Core.StatusEffects.StatusEffect.get_UnitEffectName
[2:42:53 PM INF] DoNotPublicize: LBoL.Core:LBoL.Core.Units.Doll.LocalizeProperty
[2:42:53 PM INF] DoNotPublicize: LBoL.Core:LBoL.Core.Units.Doll.get_DefaultEventPriority
[2:42:53 PM INF] DoNotPublicize: LBoL.Core:LBoL.Core.Units.Doll.Initialize
[2:42:53 PM INF] DoNotPublicize: LBoL.Core:LBoL.Core.Units.Doll.CreateFormatWrapper
[2:42:53 PM INF] DoNotPublicize: LBoL.Core:LBoL.Core.Units.Doll.get_UpCounter
[2:42:53 PM INF] DoNotPublicize: LBoL.Core:LBoL.Core.Units.Doll.get_UpCounterColor
[2:42:53 PM INF] DoNotPublicize: LBoL.Core:LBoL.Core.Units.Doll.get_DownCounter
[2:42:53 PM INF] DoNotPublicize: LBoL.Core:LBoL.Core.Units.Doll.get_DownCounterColor
[2:42:53 PM INF] DoNotPublicize: LBoL.Core:LBoL.Core.Units.Doll.OnAdding
[2:42:53 PM INF] DoNotPublicize: LBoL.Core:LBoL.Core.Units.Doll.OnAdded
[2:42:53 PM INF] DoNotPublicize: LBoL.Core:LBoL.Core.Units.Doll.OnRemoving
[2:42:53 PM INF] DoNotPublicize: LBoL.Core:LBoL.Core.Units.Doll.OnRemoved
[2:42:53 PM INF] DoNotPublicize: LBoL.Core:LBoL.Core.Units.Doll.PassiveActions
[2:42:53 PM INF] DoNotPublicize: LBoL.Core:LBoL.Core.Units.Doll.ActiveActions
[2:42:53 PM INF] DoNotPublicize: LBoL.Core:LBoL.Core.GapOptions.GapOption.get_Type
[2:42:53 PM INF] DoNotPublicize: LBoL.Core:LBoL.Core.GapOptions.GapOption.GetBaseDescription
[2:42:53 PM INF] DoNotPublicize: LBoL.Core:LBoL.Core.Units.Intention.get_Type
[2:42:53 PM INF] DoNotPublicize: LBoL.Core:LBoL.Core.Units.Intention.LocalizeProperty
[2:42:53 PM INF] DoNotPublicize: LBoL.Core:LBoL.Core.Units.Intention.get_DefaultEventPriority
[2:42:53 PM INF] DoNotPublicize: LBoL.Core:LBoL.Core.Units.Intention.CreateFormatWrapper
[2:42:53 PM INF] DoNotPublicize: LBoL.Core:LBoL.Core.Units.Intention.get_PlayerName
[2:42:53 PM INF] DoNotPublicize: LBoL.Core:LBoL.Core.Adventures.Adventure.Initialize
[2:42:53 PM INF] DoNotPublicize: LBoL.Core:LBoL.Core.Adventures.Adventure.get_DialogName
[2:42:53 PM INF] DoNotPublicize: LBoL.Core:LBoL.Core.Adventures.Adventure.InitVariables
[2:42:53 PM INF] DoNotPublicize: LBoL.Core:LBoL.Core.JadeBox.LocalizeProperty
[2:42:53 PM INF] DoNotPublicize: LBoL.Core:LBoL.Core.JadeBox.LocalizeListProperty
[2:42:53 PM INF] DoNotPublicize: LBoL.Core:LBoL.Core.JadeBox.get_Description
[2:42:53 PM INF] DoNotPublicize: LBoL.Core:LBoL.Core.JadeBox.get_IconName
[2:42:53 PM INF] DoNotPublicize: LBoL.Core:LBoL.Core.JadeBox.get_DefaultEventPriority
[2:42:53 PM INF] DoNotPublicize: LBoL.Core:LBoL.Core.JadeBox.Initialize
[2:42:53 PM INF] DoNotPublicize: LBoL.Core:LBoL.Core.JadeBox.OnGain
[2:42:53 PM INF] DoNotPublicize: LBoL.Core:LBoL.Core.JadeBox.OnAdded
[2:42:53 PM INF] DoNotPublicize: LBoL.Core:LBoL.Core.JadeBox.OnEnterBattle
[2:42:53 PM INF] DoNotPublicize: LBoL.Core:LBoL.Core.JadeBox.OnLeaveBattle
[2:42:53 PM INF] DoNotPublicize: LBoL.Core:LBoL.Core.JadeBox.React
[2:42:53 PM INF] DoNotPublicize: LBoL.Core:LBoL.Core.JadeBox.EnumerateDisplayWords
[2:42:53 PM INF] DoNotPublicize: LBoL.Core:LBoL.Core.JadeBox.EnumerateRelativeCards
[2:42:53 PM INF] [LBoL.Base] Assembly processing starting...
[2:42:53 PM INF] [LBoL.Base] Path: /Users/e/Library/Application Support/Steam/steamapps/common/LBoL/LBoL.app/Contents/Resources/Data/Managed/LBoL.Base.dll
[2:42:53 PM INF] [LBoL.Base] Publicization hash: 5BE402DCC3B86C811D27AE2EAAF50935
[2:42:53 PM INF] [LBoL.Base] Assembly already publicized at obj/Debug/netstandard2.1/PublicizedAssemblies/LBoL.Base.5BE402DCC3B86C811D27AE2EAAF50935/LBoL.Base.dll
[2:42:53 PM INF] [LBoL.Base] Assembly processing finished
[2:42:53 PM INF] [LBoL.ConfigData] Assembly processing starting...
[2:42:53 PM INF] [LBoL.ConfigData] Path: /Users/e/Library/Application Support/Steam/steamapps/common/LBoL/LBoL.app/Contents/Resources/Data/Managed/LBoL.ConfigData.dll
[2:42:53 PM INF] [LBoL.ConfigData] Publicization hash: 496387F671921FA7E5F663E664E6DC13
[2:42:53 PM INF] [LBoL.ConfigData] Assembly already publicized at obj/Debug/netstandard2.1/PublicizedAssemblies/LBoL.ConfigData.496387F671921FA7E5F663E664E6DC13/LBoL.ConfigData.dll
[2:42:53 PM INF] [LBoL.ConfigData] Assembly processing finished
[2:42:53 PM INF] [LBoL.Core] Assembly processing starting...
[2:42:53 PM INF] [LBoL.Core] Path: /Users/e/Library/Application Support/Steam/steamapps/common/LBoL/LBoL.app/Contents/Resources/Data/Managed/LBoL.Core.dll
[2:42:53 PM INF] [LBoL.Core] Publicization hash: 0E5AC85B38ED4486AEF3F83DCED51FA6
[2:42:53 PM INF] [LBoL.Core] Assembly already publicized at obj/Debug/netstandard2.1/PublicizedAssemblies/LBoL.Core.0E5AC85B38ED4486AEF3F83DCED51FA6/LBoL.Core.dll
[2:42:53 PM INF] [LBoL.Core] Assembly processing finished
[2:42:53 PM INF] [LBoL.EntityLib] Assembly processing starting...
[2:42:53 PM INF] [LBoL.EntityLib] Path: /Users/e/Library/Application Support/Steam/steamapps/common/LBoL/LBoL.app/Contents/Resources/Data/Managed/LBoL.EntityLib.dll
[2:42:53 PM INF] [LBoL.EntityLib] Publicization hash: D5788910C6214051FD0DFE71C1F5ACBA
[2:42:53 PM INF] [LBoL.EntityLib] Assembly already publicized at obj/Debug/netstandard2.1/PublicizedAssemblies/LBoL.EntityLib.D5788910C6214051FD0DFE71C1F5ACBA/LBoL.EntityLib.dll
[2:42:53 PM INF] [LBoL.EntityLib] Assembly processing finished
[2:42:53 PM INF] [LBoL.Presentation] Assembly processing starting...
[2:42:53 PM INF] [LBoL.Presentation] Path: /Users/e/Library/Application Support/Steam/steamapps/common/LBoL/LBoL.app/Contents/Resources/Data/Managed/LBoL.Presentation.dll
[2:42:53 PM INF] [LBoL.Presentation] Publicization hash: C2E18957DB1A694C10128FA1664328CD
[2:42:53 PM INF] [LBoL.Presentation] Assembly already publicized at obj/Debug/netstandard2.1/PublicizedAssemblies/LBoL.Presentation.C2E18957DB1A694C10128FA1664328CD/LBoL.Presentation.dll
[2:42:53 PM INF] [LBoL.Presentation] Assembly processing finished
[2:42:53 PM INF] [Untitled.ConfigDataBuilder.Base] Assembly processing starting...
[2:42:53 PM INF] [Untitled.ConfigDataBuilder.Base] Path: /Users/e/Library/Application Support/Steam/steamapps/common/LBoL/LBoL.app/Contents/Resources/Data/Managed/Untitled.ConfigDataBuilder.Base.dll
[2:42:53 PM INF] [Untitled.ConfigDataBuilder.Base] Publicization hash: B2760250360126B48535DE8B8A5314D4
[2:42:53 PM INF] [Untitled.ConfigDataBuilder.Base] Assembly already publicized at obj/Debug/netstandard2.1/PublicizedAssemblies/Untitled.ConfigDataBuilder.Base.B2760250360126B48535DE8B8A5314D4/Untitled.ConfigDataBuilder.Base.dll
[2:42:53 PM INF] [Untitled.ConfigDataBuilder.Base] Assembly processing finished
[2:42:53 PM INF] Finished processing 6 assemblies. Terminating task.
